// Jest Snapshot v1, https://goo.gl/fbAQLP

exports[`<Btn /> should render correctly 1`] = `
<button
  className="btn btn--primary btn--outline btn--block"
  onClick={[Function]}
  type="submit"
>
  Submit
</button>
`;
