// Jest Snapshot v1, https://goo.gl/fbAQLP

exports[`<PopUpDispatchComponent /> should match snapshot 1`] = `
<div
  key="243426"
/>
`;
